// Jest Snapshot v1, https://goo.gl/fbAQLP

exports[`PrimeiraApp should show the message "ola mundo 1`] = `
<Fragment>
  <h1>
     
    ola mundo
     
  </h1>
  <p>
     
    Soy un subtitulo
     
  </p>
</Fragment>
`;
